    Checking akius v0.1.0 (/Users/watcher/GitHere/akius)
error[E0432]: unresolved imports `bevy::ecs::event::EventReader`, `bevy::ecs::event::EventWriter`
 --> src/physics.rs:2:24
  |
2 | use bevy::ecs::event::{EventReader, EventWriter};
  |                        ^^^^^^^^^^^  ^^^^^^^^^^^ no `EventWriter` in `event`
  |                        |
  |                        no `EventReader` in `event`

error[E0432]: unresolved import `bevy_rapier3d::pipeline::CollisionEventFlags`
 --> src/physics.rs:5:5
  |
5 | use bevy_rapier3d::pipeline::CollisionEventFlags;
  |     ^^^^^^^^^^^^^^^^^^^^^^^^^^^^^^^^^^^^^^^^^^^^ no `CollisionEventFlags` in `pipeline`
  |
help: a similar name exists in the module
  |
5 - use bevy_rapier3d::pipeline::CollisionEventFlags;
5 + use bevy_rapier3d::pipeline::CollisionEvent;
  |

error[E0425]: cannot find type `Events` in this scope
   --> src/physics.rs:183:40
    |
183 |         app.world_mut().resource_mut::<Events<CollisionEvent>>().send(
    |                                        ^^^^^^
    |
   ::: /Users/watcher/.cargo/registry/src/index.crates.io-1949cf8c6b5b557f/bevy_ecs-0.18.1/src/event/mod.rs:88:1
    |
 88 | pub trait Event: Send + Sync + Sized + 'static {
    | ---------------------------------------------- similarly named trait `Event` defined here
    |
help: a trait with a similar name exists
    |
183 -         app.world_mut().resource_mut::<Events<CollisionEvent>>().send(
183 +         app.world_mut().resource_mut::<Event<CollisionEvent>>().send(
    |

error[E0425]: cannot find type `Events` in this scope
   --> src/physics.rs:228:40
    |
228 |         app.world_mut().resource_mut::<Events<CollisionEvent>>().send(
    |                                        ^^^^^^
    |
   ::: /Users/watcher/.cargo/registry/src/index.crates.io-1949cf8c6b5b557f/bevy_ecs-0.18.1/src/event/mod.rs:88:1
    |
 88 | pub trait Event: Send + Sync + Sized + 'static {
    | ---------------------------------------------- similarly named trait `Event` defined here
    |
help: a trait with a similar name exists
    |
228 -         app.world_mut().resource_mut::<Events<CollisionEvent>>().send(
228 +         app.world_mut().resource_mut::<Event<CollisionEvent>>().send(
    |

error[E0425]: cannot find type `Events` in this scope
   --> src/physics.rs:231:40
    |
231 |         app.world_mut().resource_mut::<Events<CollisionEvent>>().send(
    |                                        ^^^^^^
    |
   ::: /Users/watcher/.cargo/registry/src/index.crates.io-1949cf8c6b5b557f/bevy_ecs-0.18.1/src/event/mod.rs:88:1
    |
 88 | pub trait Event: Send + Sync + Sized + 'static {
    | ---------------------------------------------- similarly named trait `Event` defined here
    |
help: a trait with a similar name exists
    |
231 -         app.world_mut().resource_mut::<Events<CollisionEvent>>().send(
231 +         app.world_mut().resource_mut::<Event<CollisionEvent>>().send(
    |

error[E0425]: cannot find type `Events` in this scope
   --> src/physics.rs:259:40
    |
259 |         app.world_mut().resource_mut::<Events<CollisionEvent>>().send(
    |                                        ^^^^^^
    |
   ::: /Users/watcher/.cargo/registry/src/index.crates.io-1949cf8c6b5b557f/bevy_ecs-0.18.1/src/event/mod.rs:88:1
    |
 88 | pub trait Event: Send + Sync + Sized + 'static {
    | ---------------------------------------------- similarly named trait `Event` defined here
    |
help: a trait with a similar name exists
    |
259 -         app.world_mut().resource_mut::<Events<CollisionEvent>>().send(
259 +         app.world_mut().resource_mut::<Event<CollisionEvent>>().send(
    |

error[E0599]: no method named `add_event` found for mutable reference `&mut bevy::prelude::App` in the current scope
  --> src/physics.rs:18:13
   |
18 |         app.add_event::<MergeEvent>()
   |             ^^^^^^^^^ method not found in `&mut bevy::prelude::App`

error[E0599]: the method `chain` exists for tuple `(fn({type error}, ..., ...) {detect_collisions}, ...)`, but its trait bounds were not satisfied
  --> src/physics.rs:19:70
   |
19 |             .add_systems(Update, (detect_collisions, resolve_merges).chain());
   |                                                                      ^^^^^ method cannot be called due to unsatisfied trait bounds
   |
   = note: the following trait bounds were not satisfied:
           `(for<'a, 'b, 'c> fn({type error}, bevy::prelude::Query<'a, 'b, &'c game_state::Sphere, bevy::prelude::Without<game_state::InsideLauncher>>, {type error}) {detect_collisions}, for<'a, 'b, 'c, 'd, 'e, 'f, 'g, 'h> fn(bevy::prelude::Commands<'a, 'b>, {type error}, bevy::prelude::ResMut<'c, game_state::Score>, bevy::prelude::Query<'d, 'e, (&'f game_state::Sphere, &'g bevy::prelude::Transform, &'h bevy_rapier3d::dynamics::Velocity)>) {resolve_merges}): bevy::prelude::Curve<_>`
           which is required by `(for<'a, 'b, 'c> fn({type error}, bevy::prelude::Query<'a, 'b, &'c game_state::Sphere, bevy::prelude::Without<game_state::InsideLauncher>>, {type error}) {detect_collisions}, for<'a, 'b, 'c, 'd, 'e, 'f, 'g, 'h> fn(bevy::prelude::Commands<'a, 'b>, {type error}, bevy::prelude::ResMut<'c, game_state::Score>, bevy::prelude::Query<'d, 'e, (&'f game_state::Sphere, &'g bevy::prelude::Transform, &'h bevy_rapier3d::dynamics::Velocity)>) {resolve_merges}): bevy::prelude::CurveExt<_>`
           `&(for<'a, 'b, 'c> fn({type error}, bevy::prelude::Query<'a, 'b, &'c game_state::Sphere, bevy::prelude::Without<game_state::InsideLauncher>>, {type error}) {detect_collisions}, for<'a, 'b, 'c, 'd, 'e, 'f, 'g, 'h> fn(bevy::prelude::Commands<'a, 'b>, {type error}, bevy::prelude::ResMut<'c, game_state::Score>, bevy::prelude::Query<'d, 'e, (&'f game_state::Sphere, &'g bevy::prelude::Transform, &'h bevy_rapier3d::dynamics::Velocity)>) {resolve_merges}): bevy::prelude::Curve<_>`
           which is required by `&(for<'a, 'b, 'c> fn({type error}, bevy::prelude::Query<'a, 'b, &'c game_state::Sphere, bevy::prelude::Without<game_state::InsideLauncher>>, {type error}) {detect_collisions}, for<'a, 'b, 'c, 'd, 'e, 'f, 'g, 'h> fn(bevy::prelude::Commands<'a, 'b>, {type error}, bevy::prelude::ResMut<'c, game_state::Score>, bevy::prelude::Query<'d, 'e, (&'f game_state::Sphere, &'g bevy::prelude::Transform, &'h bevy_rapier3d::dynamics::Velocity)>) {resolve_merges}): bevy::prelude::CurveExt<_>`
           `&mut (for<'a, 'b, 'c> fn({type error}, bevy::prelude::Query<'a, 'b, &'c game_state::Sphere, bevy::prelude::Without<game_state::InsideLauncher>>, {type error}) {detect_collisions}, for<'a, 'b, 'c, 'd, 'e, 'f, 'g, 'h> fn(bevy::prelude::Commands<'a, 'b>, {type error}, bevy::prelude::ResMut<'c, game_state::Score>, bevy::prelude::Query<'d, 'e, (&'f game_state::Sphere, &'g bevy::prelude::Transform, &'h bevy_rapier3d::dynamics::Velocity)>) {resolve_merges}): bevy::prelude::Curve<_>`
           which is required by `&mut (for<'a, 'b, 'c> fn({type error}, bevy::prelude::Query<'a, 'b, &'c game_state::Sphere, bevy::prelude::Without<game_state::InsideLauncher>>, {type error}) {detect_collisions}, for<'a, 'b, 'c, 'd, 'e, 'f, 'g, 'h> fn(bevy::prelude::Commands<'a, 'b>, {type error}, bevy::prelude::ResMut<'c, game_state::Score>, bevy::prelude::Query<'d, 'e, (&'f game_state::Sphere, &'g bevy::prelude::Transform, &'h bevy_rapier3d::dynamics::Velocity)>) {resolve_merges}): bevy::prelude::CurveExt<_>`
           `(for<'a, 'b, 'c> fn({type error}, bevy::prelude::Query<'a, 'b, &'c game_state::Sphere, bevy::prelude::Without<game_state::InsideLauncher>>, {type error}) {detect_collisions}, for<'a, 'b, 'c, 'd, 'e, 'f, 'g, 'h> fn(bevy::prelude::Commands<'a, 'b>, {type error}, bevy::prelude::ResMut<'c, game_state::Score>, bevy::prelude::Query<'d, 'e, (&'f game_state::Sphere, &'g bevy::prelude::Transform, &'h bevy_rapier3d::dynamics::Velocity)>) {resolve_merges}): Iterator`
           which is required by `&mut (for<'a, 'b, 'c> fn({type error}, bevy::prelude::Query<'a, 'b, &'c game_state::Sphere, bevy::prelude::Without<game_state::InsideLauncher>>, {type error}) {detect_collisions}, for<'a, 'b, 'c, 'd, 'e, 'f, 'g, 'h> fn(bevy::prelude::Commands<'a, 'b>, {type error}, bevy::prelude::ResMut<'c, game_state::Score>, bevy::prelude::Query<'d, 'e, (&'f game_state::Sphere, &'g bevy::prelude::Transform, &'h bevy_rapier3d::dynamics::Velocity)>) {resolve_merges}): Iterator`
   = note: the full name for the type has been written to '/Users/watcher/GitHere/akius/target/debug/deps/akius-f3a757ef29bd0d0d.long-type-11558389465712108362.txt'
   = note: consider using `--verbose` to print the full type name to the console

error[E0599]: no method named `add_event` found for struct `bevy::prelude::App` in the current scope
   --> src/physics.rs:172:13
    |
172 |         app.add_event::<CollisionEvent>();
    |             ^^^^^^^^^ method not found in `bevy::prelude::App`

error[E0599]: no method named `add_event` found for struct `bevy::prelude::App` in the current scope
   --> src/physics.rs:217:13
    |
217 |         app.add_event::<CollisionEvent>();
    |             ^^^^^^^^^ method not found in `bevy::prelude::App`

error[E0599]: no method named `add_event` found for struct `bevy::prelude::App` in the current scope
   --> src/physics.rs:250:13
    |
250 |         app.add_event::<CollisionEvent>();
    |             ^^^^^^^^^ method not found in `bevy::prelude::App`

warning: variable does not need to be mutable
  --> src/physics.rs:31:9
   |
31 |     let mut cmd = commands.spawn((
   |         ----^^^
   |         |
   |         help: remove this `mut`
   |
   = note: `#[warn(unused_mut)]` (part of `#[warn(unused)]`) on by default

Some errors have detailed explanations: E0425, E0432, E0599.
For more information about an error, try `rustc --explain E0425`.
warning: `akius` (bin "akius" test) generated 1 warning
error: could not compile `akius` (bin "akius" test) due to 11 previous errors; 1 warning emitted
